# file opened: C:\assembly\Rutina bienvenida 4 en raya\Rutina bienvenida 4 en raya\juego.asm
 1    0000              JUEGO:
C:\assembly\Rutina bienvenida 4 en raya\Rutina bienvenida 4 en raya\juego.asm(2): error: Label not found: TABLERO_REDONDO
 2    0000 CD 00 00         CALL TABLERO_REDONDO
 3    0003 21 21 58         LD HL, $5800 +32 +1
 4    0006 DD 21 21 40      LD IX, $4021
C:\assembly\Rutina bienvenida 4 en raya\Rutina bienvenida 4 en raya\juego.asm(5): error: Label not found: FICHA
 5    000A CD 00 00         CALL FICHA
 6    000D              JUEGOEMPEZADO:
C:\assembly\Rutina bienvenida 4 en raya\Rutina bienvenida 4 en raya\juego.asm(7): error: Label not found: TECLAS
 7    000D CD 00 00         CALL TECLAS
C:\assembly\Rutina bienvenida 4 en raya\Rutina bienvenida 4 en raya\juego.asm(8): error: Label not found: Caracter
C:\assembly\Rutina bienvenida 4 en raya\Rutina bienvenida 4 en raya\juego.asm(8): warning[rdlow]: Reading memory at low address: 0
 8    0010 3A 00 00         LD A,(Caracter)
 9    0013 FE 46            CP 'F'
10    0015 20 F6            jr nz, JUEGOEMPEZADO
11    0017 C9               RET
12    0018
13    0018
14    0018
15    0018
16    0018
# file closed: C:\assembly\Rutina bienvenida 4 en raya\Rutina bienvenida 4 en raya\juego.asm
